Processing esp32doit-devkit-v1 (platform: espressif32; board: esp32-s3-devkitc-1; framework: arduino; monitor_speed: 115200; monitor_filters: exc; board_upload.flash_size: 4MB; board_build.flash_size: 4MB; board_build.flash_mode: dio; board_build.arduino.memory_type: dio_qspi; board_build.partitions: huge_app.csv; build_flags: -DARDUINO_USB_MODE=1, -DARDUINO_USB_CDC_ON_BOOT=1, -Ofast, -ffunction-sections, -fdata-sections, -fno-exceptions, -fno-rtti, -funroll-loops, -fno-tree-vectorize, -frename-registers, -fno-plt, -flto, -DOPTIMIZATION_FLAGS, -Wl,--gc-sections; lib_deps: adafruit/Adafruit ST7735 and ST7789 Library@^1.11.0, robtillaart/PCF8574@^0.4.1, adafruit/Adafruit ADS1X15@^2.5.0, qqqlab/ESP32_SoftWire@^1.0.2, stevemarple/AsyncDelay@^1.1.2, littlefs, bodmer/TFT_eSPI@^2.5.43)
--------------------------------------------------------------------------------
CONFIGURATION: https://docs.platformio.org/page/boards/espressif32/esp32-s3-devkitc-1.html
PLATFORM: Espressif 32 (6.13.0) > Espressif ESP32-S3-DevKitC-1-N8 (8 MB QD, No PSRAM)
HARDWARE: ESP32S3 240MHz, 320KB RAM, 8MB Flash
DEBUG: Current (esp-builtin) On-board (esp-builtin) External (cmsis-dap, esp-bridge, esp-prog, iot-bus-jtag, jlink, minimodule, olimex-arm-usb-ocd, olimex-arm-usb-ocd-h, olimex-arm-usb-tiny-h, olimex-jtag-tiny, tumpa)
PACKAGES: 
 - framework-arduinoespressif32 @ 3.20017.241212+sha.dcc1105b 
 - tool-esptoolpy @ 2.41100.0 (4.11.0) 
 - toolchain-riscv32-esp @ 8.4.0+2021r2-patch5 
 - toolchain-xtensa-esp32s3 @ 8.4.0+2021r2-patch5
LDF: Library Dependency Finder -> https://bit.ly/configure-pio-ldf
LDF Modes: Finder ~ chain, Compatibility ~ soft
Found 42 compatible libraries
Scanning dependencies...
Dependency Graph
|-- Adafruit ST7735 and ST7789 Library @ 1.11.0 (License: Unknown, Path: F:\Github\Anemoia-ESP32\.pio\libdeps\esp32doit-devkit-v1\Adafruit ST7735 and ST7789 Library)
|   |-- Adafruit GFX Library @ 1.12.6 (License: Unknown, Path: F:\Github\Anemoia-ESP32\.pio\libdeps\esp32doit-devkit-v1\Adafruit GFX Library)
|   |   |-- Adafruit BusIO @ 1.17.4 (License: Unknown, Path: F:\Github\Anemoia-ESP32\.pio\libdeps\esp32doit-devkit-v1\Adafruit BusIO)
|   |   |   |-- Wire @ 2.0.0 (License: Unknown, Path: C:\Users\star\.platformio\packages\framework-arduinoespressif32\libraries\Wire)
|   |   |   |-- SPI @ 2.0.0 (License: Unknown, Path: C:\Users\star\.platformio\packages\framework-arduinoespressif32\libraries\SPI)
|   |   |-- Wire @ 2.0.0 (License: Unknown, Path: C:\Users\star\.platformio\packages\framework-arduinoespressif32\libraries\Wire)
|   |   |-- SPI @ 2.0.0 (License: Unknown, Path: C:\Users\star\.platformio\packages\framework-arduinoespressif32\libraries\SPI)
|   |-- Adafruit BusIO @ 1.17.4 (License: Unknown, Path: F:\Github\Anemoia-ESP32\.pio\libdeps\esp32doit-devkit-v1\Adafruit BusIO)
|   |   |-- Wire @ 2.0.0 (License: Unknown, Path: C:\Users\star\.platformio\packages\framework-arduinoespressif32\libraries\Wire)
|   |   |-- SPI @ 2.0.0 (License: Unknown, Path: C:\Users\star\.platformio\packages\framework-arduinoespressif32\libraries\SPI)
|   |-- Wire @ 2.0.0 (License: Unknown, Path: C:\Users\star\.platformio\packages\framework-arduinoespressif32\libraries\Wire)
|   |-- SPI @ 2.0.0 (License: Unknown, Path: C:\Users\star\.platformio\packages\framework-arduinoespressif32\libraries\SPI)
|-- PCF8574 @ 0.4.4 (License: MIT, Path: F:\Github\Anemoia-ESP32\.pio\libdeps\esp32doit-devkit-v1\PCF8574)
|   |-- Wire @ 2.0.0 (License: Unknown, Path: C:\Users\star\.platformio\packages\framework-arduinoespressif32\libraries\Wire)
|-- Adafruit ADS1X15 @ 2.6.2 (License: Unknown, Path: F:\Github\Anemoia-ESP32\.pio\libdeps\esp32doit-devkit-v1\Adafruit ADS1X15)
|   |-- Adafruit BusIO @ 1.17.4 (License: Unknown, Path: F:\Github\Anemoia-ESP32\.pio\libdeps\esp32doit-devkit-v1\Adafruit BusIO)
|   |   |-- Wire @ 2.0.0 (License: Unknown, Path: C:\Users\star\.platformio\packages\framework-arduinoespressif32\libraries\Wire)
|   |   |-- SPI @ 2.0.0 (License: Unknown, Path: C:\Users\star\.platformio\packages\framework-arduinoespressif32\libraries\SPI)
|   |-- Wire @ 2.0.0 (License: Unknown, Path: C:\Users\star\.platformio\packages\framework-arduinoespressif32\libraries\Wire)
|-- ESP32_SoftWire @ 1.0.2 (License: MIT, Path: F:\Github\Anemoia-ESP32\.pio\libdeps\esp32doit-devkit-v1\ESP32_SoftWire)
|-- AsyncDelay @ 1.1.2 (License: Unknown, Path: F:\Github\Anemoia-ESP32\.pio\libdeps\esp32doit-devkit-v1\AsyncDelay)
|-- LittleFS @ 2.0.0 (License: Unknown, Path: C:\Users\star\.platformio\packages\framework-arduinoespressif32\libraries\LittleFS)
|   |-- FS @ 2.0.0 (License: Unknown, Path: C:\Users\star\.platformio\packages\framework-arduinoespressif32\libraries\FS)
|-- TFT_eSPI @ 2.5.43 (License: Unknown, Path: F:\Github\Anemoia-ESP32\.pio\libdeps\esp32doit-devkit-v1\TFT_eSPI)
|   |-- SPI @ 2.0.0 (License: Unknown, Path: C:\Users\star\.platformio\packages\framework-arduinoespressif32\libraries\SPI)
|   |-- SPIFFS @ 2.0.0 (License: Unknown, Path: C:\Users\star\.platformio\packages\framework-arduinoespressif32\libraries\SPIFFS)
|   |   |-- FS @ 2.0.0 (License: Unknown, Path: C:\Users\star\.platformio\packages\framework-arduinoespressif32\libraries\FS)
|   |-- FS @ 2.0.0 (License: Unknown, Path: C:\Users\star\.platformio\packages\framework-arduinoespressif32\libraries\FS)
|   |-- LittleFS @ 2.0.0 (License: Unknown, Path: C:\Users\star\.platformio\packages\framework-arduinoespressif32\libraries\LittleFS)
|   |   |-- FS @ 2.0.0 (License: Unknown, Path: C:\Users\star\.platformio\packages\framework-arduinoespressif32\libraries\FS)
|-- SD @ 2.0.0 (License: Unknown, Path: C:\Users\star\.platformio\packages\framework-arduinoespressif32\libraries\SD)
|   |-- FS @ 2.0.0 (License: Unknown, Path: C:\Users\star\.platformio\packages\framework-arduinoespressif32\libraries\FS)
|   |-- SPI @ 2.0.0 (License: Unknown, Path: C:\Users\star\.platformio\packages\framework-arduinoespressif32\libraries\SPI)
|-- SPI @ 2.0.0 (License: Unknown, Path: C:\Users\star\.platformio\packages\framework-arduinoespressif32\libraries\SPI)
|-- WiFi @ 2.0.0 (License: Unknown, Path: C:\Users\star\.platformio\packages\framework-arduinoespressif32\libraries\WiFi)
Building in release mode
Using tempfile F:\Github\Anemoia-ESP32\.pio\build\esp32doit-devkit-v1\tmpq16m37h8.tmp for command line:
xtensa-esp32s3-elf-g++ -o .pio/build/esp32doit-devkit-v1/firmware.elf -Wl,--gc-sections -mlongcalls -Wl,--cref -Wl,--gc-sections -fno-rtti -fno-lto -Wl,--wrap=esp_log_write -Wl,--wrap=esp_log_writev -Wl,--wrap=log_printf -Wl,--wrap=longjmp -Wl,--undefined=uxTopUsedPriority -T memory.ld -T sections.ld -T esp32s3.rom.ld -T esp32s3.rom.api.ld -T esp32s3.rom.libgcc.ld -T esp32s3.rom.newlib.ld -T esp32s3.rom.version.ld -T esp32s3.rom.newlib-time.ld -T esp32s3.peripherals.ld -u _Z5setupv -u _Z4loopv -u esp_app_desc -u pthread_include_pthread_impl -u pthread_include_pthread_cond_var_impl -u pthread_include_pthread_local_storage_impl -u pthread_include_pthread_rwlock_impl -u include_esp_phy_override -u ld_include_highint_hdl -u start_app -u start_app_other_cores -u __ubsan_include -u __assert_func -u vfs_include_syscalls_impl -u app_main -u newlib_include_heap_impl -u newlib_include_syscalls_impl -u newlib_include_pthread_impl -u newlib_include_assert_impl -u __cxa_guard_dummy -Wl,-Map="F:/Github/Anemoia-ESP32/.pio/build/esp32doit-devkit-v1/firmware.map" .pio/build/esp32doit-devkit-v1/src/Anemoia-ESP32.cpp.o .pio/build/esp32doit-devkit-v1/src/controller.cpp.o .pio/build/esp32doit-devkit-v1/src/core/apu2A03.cpp.o .pio/build/esp32doit-devkit-v1/src/core/bus.cpp.o .pio/build/esp32doit-devkit-v1/src/core/cartridge.cpp.o .pio/build/esp32doit-devkit-v1/src/core/cpu6502.cpp.o .pio/build/esp32doit-devkit-v1/src/core/mapper.cpp.o .pio/build/esp32doit-devkit-v1/src/core/mappers/mapper000.cpp.o .pio/build/esp32doit-devkit-v1/src/core/mappers/mapper001.cpp.o .pio/build/esp32doit-devkit-v1/src/core/mappers/mapper002.cpp.o .pio/build/esp32doit-devkit-v1/src/core/mappers/mapper003.cpp.o .pio/build/esp32doit-devkit-v1/src/core/mappers/mapper004.cpp.o .pio/build/esp32doit-devkit-v1/src/core/mappers/mapper069.cpp.o .pio/build/esp32doit-devkit-v1/src/core/ppu2C02.cpp.o .pio/build/esp32doit-devkit-v1/src/main.cpp.o .pio/build/esp32doit-devkit-v1/src/ui.cpp.o -L.pio/build/esp32doit-devkit-v1 -LC:/Users/star/.platformio/packages/framework-arduinoespressif32/tools/sdk/esp32s3/lib -LC:/Users/star/.platformio/packages/framework-arduinoespressif32/tools/sdk/esp32s3/ld -LC:/Users/star/.platformio/packages/framework-arduinoespressif32/tools/sdk/esp32s3/dio_qspi -Wl,--start-group .pio/build/esp32doit-devkit-v1/lib14b/libWire.a .pio/build/esp32doit-devkit-v1/libab2/libSPI.a ".pio/build/esp32doit-devkit-v1/lib18a/libAdafruit BusIO.a" ".pio/build/esp32doit-devkit-v1/lib1ad/libAdafruit GFX Library.a" ".pio/build/esp32doit-devkit-v1/liba55/libAdafruit ST7735 and ST7789 Library.a" .pio/build/esp32doit-devkit-v1/libe3b/libPCF8574.a ".pio/build/esp32doit-devkit-v1/libd35/libAdafruit ADS1X15.a" .pio/build/esp32doit-devkit-v1/lib8fb/libESP32_SoftWire.a .pio/build/esp32doit-devkit-v1/lib4f7/libFS.a .pio/build/esp32doit-devkit-v1/lib8f4/libLittleFS.a .pio/build/esp32doit-devkit-v1/lib444/libSPIFFS.a .pio/build/esp32doit-devkit-v1/libb1a/libTFT_eSPI.a .pio/build/esp32doit-devkit-v1/libf73/libSD.a .pio/build/esp32doit-devkit-v1/libbf8/libWiFi.a .pio/build/esp32doit-devkit-v1/libFrameworkArduino.a -lesp_ringbuf -lefuse -lesp_ipc -ldriver -lesp_pm -lmbedtls -lapp_update -lbootloader_support -lspi_flash -lnvs_flash -lpthread -lesp_gdbstub -lespcoredump -lesp_phy -lesp_system -lesp_rom -lhal -lvfs -lesp_eth -ltcpip_adapter -lesp_netif -lesp_event -lwpa_supplicant -lesp_wifi -lconsole -llwip -llog -lheap -lsoc -lesp_hw_support -lxtensa -lesp_common -lesp_timer -lfreertos -lnewlib -lcxx -lapp_trace -lasio -lbt -lcbor -lunity -lcmock -lcoap -lnghttp -lesp-tls -lesp_adc_cal -lesp_hid -ltcp_transport -lesp_http_client -lesp_http_server -lesp_https_ota -lesp_https_server -lesp_lcd -lprotobuf-c -lprotocomm -lmdns -lesp_local_ctrl -lsdmmc -lesp_serial_slave_link -lesp_websocket_client -lexpat -lwear_levelling -lfatfs -lfreemodbus -ljsmn -ljson -llibsodium -lmqtt -lopenssl -lperfmon -lspiffs -lusb -lulp -lwifi_provisioning -lrmaker_common -lesp_diagnostics -lrtc_store -lesp_insights -ljson_parser -ljson_generator -lesp_schedule -lespressif__esp_secure_cert_mgr -lesp_rainmaker -lgpio_button -lqrcode -lws2812_led -lesp32-camera -lesp_littlefs -lespressif__esp-dsp -lfb_gfx -lasio -lcmock -lunity -lcoap -lesp_lcd -lesp_websocket_client -lexpat -lfreemodbus -ljsmn -llibsodium -lperfmon -lusb -lesp_adc_cal -lesp_hid -lfatfs -lwear_levelling -lopenssl -lspiffs -lesp_insights -lcbor -lesp_diagnostics -lrtc_store -lesp_rainmaker -lesp_local_ctrl -lesp_https_server -lwifi_provisioning -lprotocomm -lbt -lbtdm_app -lprotobuf-c -lmdns -ljson -ljson_parser -ljson_generator -lesp_schedule -lespressif__esp_secure_cert_mgr -lqrcode -lrmaker_common -lmqtt -larduino_tinyusb -lcat_face_detect -lhuman_face_detect -lcolor_detect -lmfn -ldl -lesp_ringbuf -lefuse -lesp_ipc -ldriver -lesp_pm -lmbedtls -lapp_update -lbootloader_support -lspi_flash -lnvs_flash -lpthread -lesp_gdbstub -lespcoredump -lesp_phy -lesp_system -lesp_rom -lhal -lvfs -lesp_eth -ltcpip_adapter -lesp_netif -lesp_event -lwpa_supplicant -lesp_wifi -lconsole -llwip -llog -lheap -lsoc -lesp_hw_support -lxtensa -lesp_common -lesp_timer -lfreertos -lnewlib -lcxx -lapp_trace -lnghttp -lesp-tls -ltcp_transport -lesp_http_client -lesp_http_server -lesp_https_ota -lsdmmc -lesp_serial_slave_link -lulp -lmbedtls_2 -lmbedcrypto -lmbedx509 -lcoexist -lcore -lespnow -lmesh -lnet80211 -lpp -lsmartconfig -lwapi -lesp_ringbuf -lefuse -lesp_ipc -ldriver -lesp_pm -lmbedtls -lapp_update -lbootloader_support -lspi_flash -lnvs_flash -lpthread -lesp_gdbstub -lespcoredump -lesp_phy -lesp_system -lesp_rom -lhal -lvfs -lesp_eth -ltcpip_adapter -lesp_netif -lesp_event -lwpa_supplicant -lesp_wifi -lconsole -llwip -llog -lheap -lsoc -lesp_hw_support -lxtensa -lesp_common -lesp_timer -lfreertos -lnewlib -lcxx -lapp_trace -lnghttp -lesp-tls -ltcp_transport -lesp_http_client -lesp_http_server -lesp_https_ota -lsdmmc -lesp_serial_slave_link -lulp -lmbedtls_2 -lmbedcrypto -lmbedx509 -lcoexist -lcore -lespnow -lmesh -lnet80211 -lpp -lsmartconfig -lwapi -lesp_ringbuf -lefuse -lesp_ipc -ldriver -lesp_pm -lmbedtls -lapp_update -lbootloader_support -lspi_flash -lnvs_flash -lpthread -lesp_gdbstub -lespcoredump -lesp_phy -lesp_system -lesp_rom -lhal -lvfs -lesp_eth -ltcpip_adapter -lesp_netif -lesp_event -lwpa_supplicant -lesp_wifi -lconsole -llwip -llog -lheap -lsoc -lesp_hw_support -lxtensa -lesp_common -lesp_timer -lfreertos -lnewlib -lcxx -lapp_trace -lnghttp -lesp-tls -ltcp_transport -lesp_http_client -lesp_http_server -lesp_https_ota -lsdmmc -lesp_serial_slave_link -lulp -lmbedtls_2 -lmbedcrypto -lmbedx509 -lcoexist -lcore -lespnow -lmesh -lnet80211 -lpp -lsmartconfig -lwapi -lesp_ringbuf -lefuse -lesp_ipc -ldriver -lesp_pm -lmbedtls -lapp_update -lbootloader_support -lspi_flash -lnvs_flash -lpthread -lesp_gdbstub -lespcoredump -lesp_phy -lesp_system -lesp_rom -lhal -lvfs -lesp_eth -ltcpip_adapter -lesp_netif -lesp_event -lwpa_supplicant -lesp_wifi -lconsole -llwip -llog -lheap -lsoc -lesp_hw_support -lxtensa -lesp_common -lesp_timer -lfreertos -lnewlib -lcxx -lapp_trace -lnghttp -lesp-tls -ltcp_transport -lesp_http_client -lesp_http_server -lesp_https_ota -lsdmmc -lesp_serial_slave_link -lulp -lmbedtls_2 -lmbedcrypto -lmbedx509 -lcoexist -lcore -lespnow -lmesh -lnet80211 -lpp -lsmartconfig -lwapi -lesp_ringbuf -lefuse -lesp_ipc -ldriver -lesp_pm -lmbedtls -lapp_update -lbootloader_support -lspi_flash -lnvs_flash -lpthread -lesp_gdbstub -lespcoredump -lesp_phy -lesp_system -lesp_rom -lhal -lvfs -lesp_eth -ltcpip_adapter -lesp_netif -lesp_event -lwpa_supplicant -lesp_wifi -lconsole -llwip -llog -lheap -lsoc -lesp_hw_support -lxtensa -lesp_common -lesp_timer -lfreertos -lnewlib -lcxx -lapp_trace -lnghttp -lesp-tls -ltcp_transport -lesp_http_client -lesp_http_server -lesp_https_ota -lsdmmc -lesp_serial_slave_link -lulp -lmbedtls_2 -lmbedcrypto -lmbedx509 -lcoexist -lcore -lespnow -lmesh -lnet80211 -lpp -lsmartconfig -lwapi -lesp_ringbuf -lefuse -lesp_ipc -ldriver -lesp_pm -lmbedtls -lapp_update -lbootloader_support -lspi_flash -lnvs_flash -lpthread -lesp_gdbstub -lespcoredump -lesp_phy -lesp_system -lesp_rom -lhal -lvfs -lesp_eth -ltcpip_adapter -lesp_netif -lesp_event -lwpa_supplicant -lesp_wifi -lconsole -llwip -llog -lheap -lsoc -lesp_hw_support -lxtensa -lesp_common -lesp_timer -lfreertos -lnewlib -lcxx -lapp_trace -lnghttp -lesp-tls -ltcp_transport -lesp_http_client -lesp_http_server -lesp_https_ota -lsdmmc -lesp_serial_slave_link -lulp -lmbedtls_2 -lmbedcrypto -lmbedx509 -lcoexist -lcore -lespnow -lmesh -lnet80211 -lpp -lsmartconfig -lwapi -lphy -lbtbb -lesp_phy -lphy -lbtbb -lesp_phy -lphy -lbtbb -lxt_hal -lc -lm -lnewlib -lstdc++ -lpthread -lgcc -lcxx -Wl,--end-group
xtensa-esp32s3-elf-g++ @F:\Github\Anemoia-ESP32\.pio\build\esp32doit-devkit-v1\tmpq16m37h8.tmp
pio : c:/users/star/.platformio/packages/toolchain-xtensa-esp32s3/bin/../lib/gc
c/xtensa-esp32s3-elf/8.4.0/../../../../xtensa-esp32s3-elf/bin/ld.exe: 
.pio/build/esp32doit-devkit-v1/src/Anemoia-ESP32.cpp.o: plugin needed to 
handle lto object
At line:1 char:1
+ pio run -v > build_output.txt 2>&1 ; findstr /C:"undefined reference  ...
+ ~~~~~~~~~~~~~~~~~~~~~~~~~~~~~~~~~~
    + CategoryInfo          : NotSpecified: (c:/users/star/....ndle lto object 
   :String) [], RemoteException
    + FullyQualifiedErrorId : NativeCommandError
 
c:/users/star/.platformio/packages/toolchain-xtensa-esp32s3/bin/../lib/gcc/xten
sa-esp32s3-elf/8.4.0/../../../../xtensa-esp32s3-elf/bin/ld.exe: 
.pio/build/esp32doit-devkit-v1/src/controller.cpp.o: plugin needed to handle 
lto object
c:/users/star/.platformio/packages/toolchain-xtensa-esp32s3/bin/../lib/gcc/xten
sa-esp32s3-elf/8.4.0/../../../../xtensa-esp32s3-elf/bin/ld.exe: 
.pio/build/esp32doit-devkit-v1/src/core/apu2A03.cpp.o: plugin needed to handle 
lto object
c:/users/star/.platformio/packages/toolchain-xtensa-esp32s3/bin/../lib/gcc/xten
sa-esp32s3-elf/8.4.0/../../../../xtensa-esp32s3-elf/bin/ld.exe: 
.pio/build/esp32doit-devkit-v1/src/core/bus.cpp.o: plugin needed to handle lto 
object
c:/users/star/.platformio/packages/toolchain-xtensa-esp32s3/bin/../lib/gcc/xten
sa-esp32s3-elf/8.4.0/../../../../xtensa-esp32s3-elf/bin/ld.exe: 
.pio/build/esp32doit-devkit-v1/src/core/cartridge.cpp.o: plugin needed to 
handle lto object
c:/users/star/.platformio/packages/toolchain-xtensa-esp32s3/bin/../lib/gcc/xten
sa-esp32s3-elf/8.4.0/../../../../xtensa-esp32s3-elf/bin/ld.exe: 
.pio/build/esp32doit-devkit-v1/src/core/cpu6502.cpp.o: plugin needed to handle 
lto object
c:/users/star/.platformio/packages/toolchain-xtensa-esp32s3/bin/../lib/gcc/xten
sa-esp32s3-elf/8.4.0/../../../../xtensa-esp32s3-elf/bin/ld.exe: 
.pio/build/esp32doit-devkit-v1/src/core/mapper.cpp.o: plugin needed to handle 
lto object
c:/users/star/.platformio/packages/toolchain-xtensa-esp32s3/bin/../lib/gcc/xten
sa-esp32s3-elf/8.4.0/../../../../xtensa-esp32s3-elf/bin/ld.exe: 
.pio/build/esp32doit-devkit-v1/src/core/mappers/mapper000.cpp.o: plugin needed 
to handle lto object
c:/users/star/.platformio/packages/toolchain-xtensa-esp32s3/bin/../lib/gcc/xten
sa-esp32s3-elf/8.4.0/../../../../xtensa-esp32s3-elf/bin/ld.exe: 
.pio/build/esp32doit-devkit-v1/src/core/mappers/mapper001.cpp.o: plugin needed 
to handle lto object
c:/users/star/.platformio/packages/toolchain-xtensa-esp32s3/bin/../lib/gcc/xten
sa-esp32s3-elf/8.4.0/../../../../xtensa-esp32s3-elf/bin/ld.exe: 
.pio/build/esp32doit-devkit-v1/src/core/mappers/mapper002.cpp.o: plugin needed 
to handle lto object
c:/users/star/.platformio/packages/toolchain-xtensa-esp32s3/bin/../lib/gcc/xten
sa-esp32s3-elf/8.4.0/../../../../xtensa-esp32s3-elf/bin/ld.exe: 
.pio/build/esp32doit-devkit-v1/src/core/mappers/mapper003.cpp.o: plugin needed 
to handle lto object
c:/users/star/.platformio/packages/toolchain-xtensa-esp32s3/bin/../lib/gcc/xten
sa-esp32s3-elf/8.4.0/../../../../xtensa-esp32s3-elf/bin/ld.exe: 
.pio/build/esp32doit-devkit-v1/src/core/mappers/mapper004.cpp.o: plugin needed 
to handle lto object
c:/users/star/.platformio/packages/toolchain-xtensa-esp32s3/bin/../lib/gcc/xten
sa-esp32s3-elf/8.4.0/../../../../xtensa-esp32s3-elf/bin/ld.exe: 
.pio/build/esp32doit-devkit-v1/src/core/mappers/mapper069.cpp.o: plugin needed 
to handle lto object
c:/users/star/.platformio/packages/toolchain-xtensa-esp32s3/bin/../lib/gcc/xten
sa-esp32s3-elf/8.4.0/../../../../xtensa-esp32s3-elf/bin/ld.exe: 
.pio/build/esp32doit-devkit-v1/src/core/ppu2C02.cpp.o: plugin needed to handle 
lto object
c:/users/star/.platformio/packages/toolchain-xtensa-esp32s3/bin/../lib/gcc/xten
sa-esp32s3-elf/8.4.0/../../../../xtensa-esp32s3-elf/bin/ld.exe: 
.pio/build/esp32doit-devkit-v1/src/main.cpp.o: plugin needed to handle lto 
object
c:/users/star/.platformio/packages/toolchain-xtensa-esp32s3/bin/../lib/gcc/xten
sa-esp32s3-elf/8.4.0/../../../../xtensa-esp32s3-elf/bin/ld.exe: 
.pio/build/esp32doit-devkit-v1/src/ui.cpp.o: plugin needed to handle lto object
c:/users/star/.platformio/packages/toolchain-xtensa-esp32s3/bin/../lib/gcc/xten
sa-esp32s3-elf/8.4.0/../../../../xtensa-esp32s3-elf/bin/ld.exe: 
.pio/build/esp32doit-devkit-v1/libFrameworkArduino.a(main.cpp.o): plugin 
needed to handle lto object
c:/users/star/.platformio/packages/toolchain-xtensa-esp32s3/bin/../lib/gcc/xten
sa-esp32s3-elf/8.4.0/../../../../xtensa-esp32s3-elf/bin/ld.exe: 
.pio/build/esp32doit-devkit-v1/libFrameworkArduino.a(esp32-hal-uart.c.o): 
plugin needed to handle lto object
c:/users/star/.platformio/packages/toolchain-xtensa-esp32s3/bin/../lib/gcc/xten
sa-esp32s3-elf/8.4.0/../../../../xtensa-esp32s3-elf/bin/ld.exe: C:/Users/star/.
platformio/packages/framework-arduinoespressif32/tools/sdk/esp32s3/dio_qspi\lib
freertos.a(port_common.c.obj):(.literal.main_task+0x18): undefined reference 
to `app_main'
c:/users/star/.platformio/packages/toolchain-xtensa-esp32s3/bin/../lib/gcc/xten
sa-esp32s3-elf/8.4.0/../../../../xtensa-esp32s3-elf/bin/ld.exe: C:/Users/star/.
platformio/packages/framework-arduinoespressif32/tools/sdk/esp32s3/dio_qspi\lib
freertos.a(port_common.c.obj): in function `main_task':
/home/runner/work/esp32-arduino-lib-builder/esp32-arduino-lib-builder/esp-idf/c
omponents/freertos/port/port_common.c:130: undefined reference to `app_main'
collect2.exe: error: ld returned 1 exit status
*** [.pio\build\esp32doit-devkit-v1\firmware.elf] Error 1
========================== [FAILED] Took 8.99 seconds 
==========================
